../Core/Src/main.c:110:5:main	1
../Core/Src/main.c:251:6:SystemClock_Config	4
../Core/Src/main.c:301:6:TouchGFX_Task_custom	1
../Core/Src/main.c:314:6:ds18_tim_cb	1
../Core/Src/main.c:320:13:reinit_ds18b20_sensors	3
../Core/Src/main.c:346:6:Temp_Task	14
../Core/Src/main.c:464:12:getTemperatureFromQueue	2
../Core/Src/main.c:473:6:togglePB10	1
../Core/Src/main.c:481:6:TempControl_Task	3
../Core/Src/main.c:510:6:VSyncTask	1
../Core/Src/main.c:548:7:sine_function	1
../Core/Src/main.c:571:18:circle_function	3
../Core/Src/main.c:602:6:TouchTask	3
../Core/Src/main.c:651:6:StartDisplayTask	6
../Core/Src/main.c:766:6:HAL_TIM_PeriodElapsedCallback	2
../Core/Src/main.c:784:6:Error_Handler	1
