../Core/Src/main.c:92:5:main	1
../Core/Src/main.c:227:6:SystemClock_Config	4
../Core/Src/main.c:278:13:MX_CRC_Init	2
../Core/Src/main.c:309:13:MX_SPI1_Init	2
../Core/Src/main.c:349:13:MX_USART1_UART_Init	2
../Core/Src/main.c:384:13:MX_USART2_UART_Init	2
../Core/Src/main.c:419:13:MX_GPIO_Init	1
../Core/Src/main.c:469:6:TouchGFX_Task_custom	1
../Core/Src/main.c:479:6:VSyncTask	1
../Core/Src/main.c:501:7:sine_function	1
../Core/Src/main.c:524:18:circle_function	3
../Core/Src/main.c:548:6:StartDisplayTask	6
../Core/Src/main.c:662:6:StartDefaultTask	1
../Core/Src/main.c:681:6:HAL_TIM_PeriodElapsedCallback	2
../Core/Src/main.c:699:6:Error_Handler	1
