../Core/Src/main.c:91:5:main	48	static
../Core/Src/main.c:219:6:SystemClock_Config	96	static
../Core/Src/main.c:270:13:MX_CRC_Init	8	static
../Core/Src/main.c:301:13:MX_SPI1_Init	8	static
../Core/Src/main.c:341:13:MX_USART1_UART_Init	8	static
../Core/Src/main.c:376:13:MX_USART2_UART_Init	8	static
../Core/Src/main.c:411:13:MX_GPIO_Init	40	static
../Core/Src/main.c:461:6:TouchGFX_Task_custom	16	static
../Core/Src/main.c:475:7:sine_function	40	static
../Core/Src/main.c:498:18:circle_function	56	static
../Core/Src/main.c:522:6:StartDisplayTask	72	static
../Core/Src/main.c:636:6:StartDefaultTask	16	static
../Core/Src/main.c:655:6:HAL_TIM_PeriodElapsedCallback	16	static
../Core/Src/main.c:673:6:Error_Handler	4	static,ignoring_inline_asm
