../Core/Src/main.c:97:5:main	128	static
../Core/Src/main.c:246:6:SystemClock_Config	96	static
../Core/Src/main.c:297:13:MX_CRC_Init	8	static
../Core/Src/main.c:328:13:MX_I2C1_Init	8	static
../Core/Src/main.c:376:13:MX_SPI1_Init	8	static
../Core/Src/main.c:416:13:MX_USART1_UART_Init	8	static
../Core/Src/main.c:451:13:MX_USART2_UART_Init	8	static
../Core/Src/main.c:486:13:MX_GPIO_Init	40	static
../Core/Src/main.c:546:6:TouchGFX_Task_custom	16	static
../Core/Src/main.c:556:6:VSyncTask	16	static
../Core/Src/main.c:594:7:sine_function	40	static
../Core/Src/main.c:617:18:circle_function	56	static
../Core/Src/main.c:648:6:TouchTask	24	static
../Core/Src/main.c:697:6:StartDisplayTask	72	static
../Core/Src/main.c:811:6:StartDefaultTask	16	static
../Core/Src/main.c:830:6:HAL_TIM_PeriodElapsedCallback	16	static
../Core/Src/main.c:848:6:Error_Handler	4	static,ignoring_inline_asm
